
> ceo-magazine@3.28.2154 test:e2e /Users/surajsatyarthi/Desktop/Magazine/ceo-magazine
> playwright test tests/popup-conflict.spec.ts --project=chromium


Running 8 tests using 1 worker

  ✘  1 [chromium] › tests/popup-conflict.spec.ts:32:13 › Popup Conflict Prevention › Homepage Scenarios › Test 1: First-time visitor with immediate dismissal (1.6s)
  ✘  2 [chromium] › tests/popup-conflict.spec.ts:63:13 › Popup Conflict Prevention › Homepage Scenarios › Test 2: First-time visitor with delayed dismissal (948ms)
  ✘  3 [chromium] › tests/popup-conflict.spec.ts:84:13 › Popup Conflict Prevention › Homepage Scenarios › Test 3: Returning visitor (34.7s)
  ✘  4 [chromium] › tests/popup-conflict.spec.ts:114:13 › Popup Conflict Prevention › Article Page Scenarios › Test 4: Article page with locale open (921ms)
  ✘  5 [chromium] › tests/popup-conflict.spec.ts:145:13 › Popup Conflict Prevention › Article Page Scenarios › Test 5: Article page with locale dismissed (1.6s)
  ✘  6 [chromium] › tests/popup-conflict.spec.ts:187:13 › Popup Conflict Prevention › Error Handling › Test 6: Fail-safe behavior when localeReady throws error (16.8s)
  -  7 [chromium] › tests/popup-conflict.spec.ts:228:13 › Popup Conflict Prevention › Mobile Scenarios › Test 7: Mobile touch dismissal
  ✘  8 [chromium] › tests/popup-conflict.spec.ts:259:13 › Popup Conflict Prevention › Storage State Verification › Verify localStorage flags are set correctly (603ms)


  1) [chromium] › tests/popup-conflict.spec.ts:32:13 › Popup Conflict Prevention › Homepage Scenarios › Test 1: First-time visitor with immediate dismissal 

    Error: page.evaluate: SecurityError: Failed to read the 'localStorage' property from 'Window': Access is denied for this document.
        at UtilityScript.evaluate (<anonymous>:292:16)
        at UtilityScript.<anonymous> (<anonymous>:1:44)
        at UtilityScript.evaluate (<anonymous>:292:16)
        at UtilityScript.<anonymous> (<anonymous>:1:44)
        at clearStorage (/Users/surajsatyarthi/Desktop/Magazine/ceo-magazine/tests/popup-conflict.spec.ts:12:16)
        at /Users/surajsatyarthi/Desktop/Magazine/ceo-magazine/tests/popup-conflict.spec.ts:33:19

  2) [chromium] › tests/popup-conflict.spec.ts:63:13 › Popup Conflict Prevention › Homepage Scenarios › Test 2: First-time visitor with delayed dismissal 

    Error: page.evaluate: SecurityError: Failed to read the 'localStorage' property from 'Window': Access is denied for this document.
        at UtilityScript.evaluate (<anonymous>:292:16)
        at UtilityScript.<anonymous> (<anonymous>:1:44)
        at UtilityScript.evaluate (<anonymous>:292:16)
        at UtilityScript.<anonymous> (<anonymous>:1:44)
        at clearStorage (/Users/surajsatyarthi/Desktop/Magazine/ceo-magazine/tests/popup-conflict.spec.ts:12:16)
        at /Users/surajsatyarthi/Desktop/Magazine/ceo-magazine/tests/popup-conflict.spec.ts:64:19

  3) [chromium] › tests/popup-conflict.spec.ts:84:13 › Popup Conflict Prevention › Homepage Scenarios › Test 3: Returning visitor 

    Error: [2mexpect([22m[31mlocator[39m[2m).[22mtoBeVisible[2m([22m[2m)[22m failed

    Locator: locator('[aria-label="Advertisement Carousel"]').or(getByText('Advertisement'))
    Expected: visible
    Error: strict mode violation: locator('[aria-label="Advertisement Carousel"]').or(getByText('Advertisement')) resolved to 2 elements:
        1) <div aria-live="polite" aria-label="Advertisement Carousel" class="relative w-full h-auto max-h-[80vh] overflow-y-auto group">…</div> aka getByLabel('Advertisement Carousel')
        2) <div class="absolute bottom-0 left-0 right-0 p-3 bg-gradient-to-t from-black/80 to-transparent text-white text-xs text-center opacity-70">Advertisement (1/2)</div> aka getByRole('link', { name: 'Sponsored Advertisement (1/2)' })

    Call log:
    [2m  - Expect "toBeVisible" with timeout 2000ms[22m
    [2m  - waiting for locator('[aria-label="Advertisement Carousel"]').or(getByText('Advertisement'))[22m


      104 |             // Verify ad popup appears normally
      105 |             const adPopup = await waitForAdPopup(page)
    > 106 |             await expect(adPopup).toBeVisible({ timeout: 2000 })
          |                                   ^
      107 |
      108 |             console.log('✅ Test 3 passed: Returning visitor sees ad normally')
      109 |         })
        at /Users/surajsatyarthi/Desktop/Magazine/ceo-magazine/tests/popup-conflict.spec.ts:106:35

    Error Context: test-results/popup-conflict-Popup-Confl-4b8d6-os-Test-3-Returning-visitor-chromium/error-context.md

  4) [chromium] › tests/popup-conflict.spec.ts:114:13 › Popup Conflict Prevention › Article Page Scenarios › Test 4: Article page with locale open 

    Error: page.evaluate: SecurityError: Failed to read the 'localStorage' property from 'Window': Access is denied for this document.
        at UtilityScript.evaluate (<anonymous>:292:16)
        at UtilityScript.<anonymous> (<anonymous>:1:44)
        at UtilityScript.evaluate (<anonymous>:292:16)
        at UtilityScript.<anonymous> (<anonymous>:1:44)
        at clearStorage (/Users/surajsatyarthi/Desktop/Magazine/ceo-magazine/tests/popup-conflict.spec.ts:12:16)
        at /Users/surajsatyarthi/Desktop/Magazine/ceo-magazine/tests/popup-conflict.spec.ts:115:19

  5) [chromium] › tests/popup-conflict.spec.ts:145:13 › Popup Conflict Prevention › Article Page Scenarios › Test 5: Article page with locale dismissed 

    Error: page.evaluate: SecurityError: Failed to read the 'localStorage' property from 'Window': Access is denied for this document.
        at UtilityScript.evaluate (<anonymous>:292:16)
        at UtilityScript.<anonymous> (<anonymous>:1:44)
        at UtilityScript.evaluate (<anonymous>:292:16)
        at UtilityScript.<anonymous> (<anonymous>:1:44)
        at clearStorage (/Users/surajsatyarthi/Desktop/Magazine/ceo-magazine/tests/popup-conflict.spec.ts:12:16)
        at /Users/surajsatyarthi/Desktop/Magazine/ceo-magazine/tests/popup-conflict.spec.ts:146:19

  6) [chromium] › tests/popup-conflict.spec.ts:187:13 › Popup Conflict Prevention › Error Handling › Test 6: Fail-safe behavior when localeReady throws error 

    Error: [2mexpect([22m[31mlocator[39m[2m).[22mtoBeVisible[2m([22m[2m)[22m failed

    Locator: locator('[aria-label="Advertisement Carousel"]').or(getByText('Advertisement'))
    Expected: visible
    Timeout: 2000ms
    Error: element(s) not found

    Call log:
    [2m  - Expect "toBeVisible" with timeout 2000ms[22m
    [2m  - waiting for locator('[aria-label="Advertisement Carousel"]').or(getByText('Advertisement'))[22m


      201 |             // Verify ad popup still appears (fail-safe defaults to true)
      202 |             const adPopup = await waitForAdPopup(page)
    > 203 |             await expect(adPopup).toBeVisible({ timeout: 2000 })
          |                                   ^
      204 |
      205 |             // Check console for warning message
      206 |             const consoleMessages: string[] = []
        at /Users/surajsatyarthi/Desktop/Magazine/ceo-magazine/tests/popup-conflict.spec.ts:203:35

    Error Context: test-results/popup-conflict-Popup-Confl-ff78a-en-localeReady-throws-error-chromium/error-context.md

  7) [chromium] › tests/popup-conflict.spec.ts:259:13 › Popup Conflict Prevention › Storage State Verification › Verify localStorage flags are set correctly 

    Error: page.evaluate: SecurityError: Failed to read the 'localStorage' property from 'Window': Access is denied for this document.
        at UtilityScript.evaluate (<anonymous>:292:16)
        at UtilityScript.<anonymous> (<anonymous>:1:44)
        at UtilityScript.evaluate (<anonymous>:292:16)
        at UtilityScript.<anonymous> (<anonymous>:1:44)
        at clearStorage (/Users/surajsatyarthi/Desktop/Magazine/ceo-magazine/tests/popup-conflict.spec.ts:12:16)
        at /Users/surajsatyarthi/Desktop/Magazine/ceo-magazine/tests/popup-conflict.spec.ts:260:19

  7 failed
    [chromium] › tests/popup-conflict.spec.ts:32:13 › Popup Conflict Prevention › Homepage Scenarios › Test 1: First-time visitor with immediate dismissal 
    [chromium] › tests/popup-conflict.spec.ts:63:13 › Popup Conflict Prevention › Homepage Scenarios › Test 2: First-time visitor with delayed dismissal 
    [chromium] › tests/popup-conflict.spec.ts:84:13 › Popup Conflict Prevention › Homepage Scenarios › Test 3: Returning visitor 
    [chromium] › tests/popup-conflict.spec.ts:114:13 › Popup Conflict Prevention › Article Page Scenarios › Test 4: Article page with locale open 
    [chromium] › tests/popup-conflict.spec.ts:145:13 › Popup Conflict Prevention › Article Page Scenarios › Test 5: Article page with locale dismissed 
    [chromium] › tests/popup-conflict.spec.ts:187:13 › Popup Conflict Prevention › Error Handling › Test 6: Fail-safe behavior when localeReady throws error 
    [chromium] › tests/popup-conflict.spec.ts:259:13 › Popup Conflict Prevention › Storage State Verification › Verify localStorage flags are set correctly 
  1 skipped
 ELIFECYCLE  Command failed with exit code 1.
